sentSpans:
    - { id: '0', traceId: '0', localEndpoint: { serviceName: Laravel }, name: first, timestamp: 1640995, duration: 0, tags: { host.name: static.host.name.for.tests }, parentId: null, otel.scope.name: Laravel }
